// Jest Snapshot v1, https://goo.gl/fbAQLP

exports[`Route Test Route Test 1`] = `
<div>
  <div
    className="App"
  >
    <div
      className="homePage"
    >
      <div
        className="block"
      >
        <textarea
          className="input"
          cols="30"
          data-testid="test_textarea"
          name="position"
          onChange={[Function]}
          rows="10"
        />
        <p>
          
        </p>
        <div
          className="button"
        >
          <button
            onClick={[Function]}
          >
            Start
          </button>
          <button
            onClick={[Function]}
          >
            Reset
          </button>
        </div>
      </div>
    </div>
  </div>
</div>
`;
